#-----------------------------------------------------------
# Vivado v2018.3.1_AR71948 (64-bit)
# SW Build 2489853 on Tue Mar 26 04:18:30 MDT 2019
# IP Build 2486929 on Tue Mar 26 06:44:21 MDT 2019
# Start of session at: Wed Aug 19 17:16:44 2020
# Process ID: 15668
# Current directory: /home/wei/casper/casper_mlib/tutorials_devel/zcu111/rfdc_multi_adc_cores/mode2/4096GSps/rfdc_two_adc_4096gsps/myproj/myproj.runs/zcu111_auto_ds_1_synth_1
# Command line: vivado -log zcu111_auto_ds_1.vds -product Vivado -mode batch -messageDb vivado.pb -notrace -source zcu111_auto_ds_1.tcl
# Log file: /home/wei/casper/casper_mlib/tutorials_devel/zcu111/rfdc_multi_adc_cores/mode2/4096GSps/rfdc_two_adc_4096gsps/myproj/myproj.runs/zcu111_auto_ds_1_synth_1/zcu111_auto_ds_1.vds
# Journal file: /home/wei/casper/casper_mlib/tutorials_devel/zcu111/rfdc_multi_adc_cores/mode2/4096GSps/rfdc_two_adc_4096gsps/myproj/myproj.runs/zcu111_auto_ds_1_synth_1/vivado.jou
#-----------------------------------------------------------
source zcu111_auto_ds_1.tcl -notrace
