#-----------------------------------------------------------
# Vivado v2018.3.1_AR71948 (64-bit)
# SW Build 2489853 on Tue Mar 26 04:18:30 MDT 2019
# IP Build 2486929 on Tue Mar 26 06:44:21 MDT 2019
# Start of session at: Sat Aug 15 11:45:58 2020
# Process ID: 26645
# Current directory: /home/wei/casper/tutorials_devel/zcu111
# Command line: vivado -jou /home/wei/casper/tutorials_devel/zcu111/rfdc_multi_cores/rfdc_multi_cores_mode2/vivado.jou -log /home/wei/casper/tutorials_devel/zcu111/rfdc_multi_cores/rfdc_multi_cores_mode2/vivado.log -mode batch -source /home/wei/casper/tutorials_devel/zcu111/rfdc_multi_cores/rfdc_multi_cores_mode2/gogogo.tcl
# Log file: /home/wei/casper/tutorials_devel/zcu111/rfdc_multi_cores/rfdc_multi_cores_mode2/vivado.log
# Journal file: /home/wei/casper/tutorials_devel/zcu111/rfdc_multi_cores/rfdc_multi_cores_mode2/vivado.jou
#-----------------------------------------------------------
source /home/wei/casper/tutorials_devel/zcu111/rfdc_multi_cores/rfdc_multi_cores_mode2/gogogo.tcl
