#-----------------------------------------------------------
# Vivado v2018.3.1_AR71948 (64-bit)
# SW Build 2489853 on Tue Mar 26 04:18:30 MDT 2019
# IP Build 2486929 on Tue Mar 26 06:44:21 MDT 2019
# Start of session at: Fri Oct 16 21:07:02 2020
# Process ID: 21416
# Current directory: /home/wei/casper/casper_mlib/tutorials_devel/zcu111/raw_axi_test/onegbe_test/onegbe_test/myproj/myproj.runs/onegbe_test_c_counter_binary_v12_0_i2_synth_1
# Command line: vivado -log onegbe_test_c_counter_binary_v12_0_i2.vds -product Vivado -mode batch -messageDb vivado.pb -notrace -source onegbe_test_c_counter_binary_v12_0_i2.tcl
# Log file: /home/wei/casper/casper_mlib/tutorials_devel/zcu111/raw_axi_test/onegbe_test/onegbe_test/myproj/myproj.runs/onegbe_test_c_counter_binary_v12_0_i2_synth_1/onegbe_test_c_counter_binary_v12_0_i2.vds
# Journal file: /home/wei/casper/casper_mlib/tutorials_devel/zcu111/raw_axi_test/onegbe_test/onegbe_test/myproj/myproj.runs/onegbe_test_c_counter_binary_v12_0_i2_synth_1/vivado.jou
#-----------------------------------------------------------
source onegbe_test_c_counter_binary_v12_0_i2.tcl -notrace
