#-----------------------------------------------------------
# Vivado v2018.3.1_AR71948 (64-bit)
# SW Build 2489853 on Tue Mar 26 04:18:30 MDT 2019
# IP Build 2486929 on Tue Mar 26 06:44:21 MDT 2019
# Start of session at: Sat Aug 22 22:18:27 2020
# Process ID: 29723
# Current directory: /home/wei/casper/casper_mlib/tutorials_devel/zcu111/rfdc_multi_adc_cores/mode1/4096GSps/rfdc_one_adc_4096gsps_no_led/myproj/myproj.runs/ADC1_R2R_4096_synth_1
# Command line: vivado -log ADC1_R2R_4096.vds -product Vivado -mode batch -messageDb vivado.pb -notrace -source ADC1_R2R_4096.tcl
# Log file: /home/wei/casper/casper_mlib/tutorials_devel/zcu111/rfdc_multi_adc_cores/mode1/4096GSps/rfdc_one_adc_4096gsps_no_led/myproj/myproj.runs/ADC1_R2R_4096_synth_1/ADC1_R2R_4096.vds
# Journal file: /home/wei/casper/casper_mlib/tutorials_devel/zcu111/rfdc_multi_adc_cores/mode1/4096GSps/rfdc_one_adc_4096gsps_no_led/myproj/myproj.runs/ADC1_R2R_4096_synth_1/vivado.jou
#-----------------------------------------------------------
source ADC1_R2R_4096.tcl -notrace
