Copyright 1986-2019 Xilinx, Inc. All Rights Reserved.
---------------------------------------------------------------------------------------------------
| Tool Version : Vivado v.2018.3.1_AR71948 (lin64) Build 2489853 Tue Mar 26 04:18:30 MDT 2019
| Date         : Fri Aug 21 23:22:10 2020
| Host         : wei-Berkeley running 64-bit Ubuntu 18.04.5 LTS
| Command      : report_utilization -file top_utilization_placed.rpt -pb top_utilization_placed.pb
| Design       : top
| Device       : xczu28drffvg1517-2
| Design State : Fully Placed
---------------------------------------------------------------------------------------------------

Utilization Design Information

Table of Contents
-----------------
1. CLB Logic
1.1 Summary of Registers by Type
2. CLB Logic Distribution
3. BLOCKRAM
4. ARITHMETIC
5. I/O
6. CLOCK
7. ADVANCED
8. CONFIGURATION
9. Primitives
10. Black Boxes
11. Instantiated Netlists

1. CLB Logic
------------

+----------------------------+-------+-------+-----------+-------+
|          Site Type         |  Used | Fixed | Available | Util% |
+----------------------------+-------+-------+-----------+-------+
| CLB LUTs                   | 13720 |     0 |    425280 |  3.23 |
|   LUT as Logic             | 12508 |     0 |    425280 |  2.94 |
|   LUT as Memory            |  1212 |     0 |    213600 |  0.57 |
|     LUT as Distributed RAM |   112 |     0 |           |       |
|     LUT as Shift Register  |  1100 |     0 |           |       |
| CLB Registers              | 15800 |     0 |    850560 |  1.86 |
|   Register as Flip Flop    | 15800 |     0 |    850560 |  1.86 |
|   Register as Latch        |     0 |     0 |    850560 |  0.00 |
| CARRY8                     |    48 |     0 |     53160 |  0.09 |
| F7 Muxes                   |   115 |     0 |    212640 |  0.05 |
| F8 Muxes                   |    14 |     0 |    106320 |  0.01 |
| F9 Muxes                   |     0 |     0 |     53160 |  0.00 |
+----------------------------+-------+-------+-----------+-------+


1.1 Summary of Registers by Type
--------------------------------

+-------+--------------+-------------+--------------+
| Total | Clock Enable | Synchronous | Asynchronous |
+-------+--------------+-------------+--------------+
| 0     |            _ |           - |            - |
| 0     |            _ |           - |          Set |
| 0     |            _ |           - |        Reset |
| 0     |            _ |         Set |            - |
| 0     |            _ |       Reset |            - |
| 0     |          Yes |           - |            - |
| 149   |          Yes |           - |          Set |
| 3428  |          Yes |           - |        Reset |
| 283   |          Yes |         Set |            - |
| 11942 |          Yes |       Reset |            - |
+-------+--------------+-------------+--------------+


2. CLB Logic Distribution
-------------------------

+--------------------------------------------+-------+-------+-----------+-------+
|                  Site Type                 |  Used | Fixed | Available | Util% |
+--------------------------------------------+-------+-------+-----------+-------+
| CLB                                        |  3114 |     0 |     53160 |  5.86 |
|   CLBL                                     |  1521 |     0 |           |       |
|   CLBM                                     |  1593 |     0 |           |       |
| LUT as Logic                               | 12508 |     0 |    425280 |  2.94 |
|   using O5 output only                     |   198 |       |           |       |
|   using O6 output only                     |  9477 |       |           |       |
|   using O5 and O6                          |  2833 |       |           |       |
| LUT as Memory                              |  1212 |     0 |    213600 |  0.57 |
|   LUT as Distributed RAM                   |   112 |     0 |           |       |
|     using O5 output only                   |     0 |       |           |       |
|     using O6 output only                   |     0 |       |           |       |
|     using O5 and O6                        |   112 |       |           |       |
|   LUT as Shift Register                    |  1100 |     0 |           |       |
|     using O5 output only                   |     0 |       |           |       |
|     using O6 output only                   |  1100 |       |           |       |
|     using O5 and O6                        |     0 |       |           |       |
| CLB Registers                              | 15800 |     0 |    850560 |  1.86 |
|   Register driven from within the CLB      |  6867 |       |           |       |
|   Register driven from outside the CLB     |  8933 |       |           |       |
|     LUT in front of the register is unused |  6112 |       |           |       |
|     LUT in front of the register is used   |  2821 |       |           |       |
| Unique Control Sets                        |   784 |       |    106320 |  0.74 |
+--------------------------------------------+-------+-------+-----------+-------+
* Note: Available Control Sets calculated as CLB Registers / 8, Review the Control Sets Report for more information regarding control sets.


3. BLOCKRAM
-----------

+-------------------+------+-------+-----------+-------+
|     Site Type     | Used | Fixed | Available | Util% |
+-------------------+------+-------+-----------+-------+
| Block RAM Tile    |   32 |     0 |      1080 |  2.96 |
|   RAMB36/FIFO*    |   32 |     0 |      1080 |  2.96 |
|     RAMB36E2 only |   32 |       |           |       |
|   RAMB18          |    0 |     0 |      2160 |  0.00 |
| URAM              |    0 |     0 |        80 |  0.00 |
+-------------------+------+-------+-----------+-------+
* Note: Each Block RAM Tile only has one FIFO logic available and therefore can accommodate only one FIFO36E2 or one FIFO18E2. However, if a FIFO18E2 occupies a Block RAM Tile, that tile can still accommodate a RAMB18E2


4. ARITHMETIC
-------------

+----------------+------+-------+-----------+-------+
|    Site Type   | Used | Fixed | Available | Util% |
+----------------+------+-------+-----------+-------+
| DSPs           |   32 |     0 |      4272 |  0.75 |
|   DSP48E2 only |   32 |       |           |       |
+----------------+------+-------+-----------+-------+


5. I/O
------

+------------------+------+-------+-----------+-------+
|     Site Type    | Used | Fixed | Available | Util% |
+------------------+------+-------+-----------+-------+
| Bonded IOB       |    6 |     6 |       347 |  1.73 |
| HPIOB_M          |    3 |     3 |       138 |  2.17 |
|   INPUT          |    2 |       |           |       |
|   OUTPUT         |    1 |       |           |       |
|   BIDIR          |    0 |       |           |       |
| HPIOB_S          |    3 |     3 |       138 |  2.17 |
|   INPUT          |    2 |       |           |       |
|   OUTPUT         |    1 |       |           |       |
|   BIDIR          |    0 |       |           |       |
| HDIOB_M          |    0 |     0 |        24 |  0.00 |
| HDIOB_S          |    0 |     0 |        24 |  0.00 |
| HPIOB_SNGL       |    0 |     0 |        23 |  0.00 |
| HPIOBDIFFINBUF   |    2 |     2 |       192 |  1.04 |
|   DIFFINBUF      |    2 |     2 |           |       |
| HPIOBDIFFOUTBUF  |    0 |     0 |       192 |  0.00 |
| HDIOBDIFFINBUF   |    0 |     0 |        72 |  0.00 |
| BITSLICE_CONTROL |    0 |     0 |        64 |  0.00 |
| BITSLICE_RX_TX   |    2 |     2 |       416 |  0.48 |
| BITSLICE_TX      |    0 |     0 |        64 |  0.00 |
| RIU_OR           |    0 |     0 |        32 |  0.00 |
+------------------+------+-------+-----------+-------+


6. CLOCK
--------

+----------------------+------+-------+-----------+-------+
|       Site Type      | Used | Fixed | Available | Util% |
+----------------------+------+-------+-----------+-------+
| GLOBAL CLOCK BUFFERs |    3 |     0 |       696 |  0.43 |
|   BUFGCE             |    2 |     0 |       216 |  0.93 |
|   BUFGCE_DIV         |    0 |     0 |        32 |  0.00 |
|   BUFG_GT            |    0 |     0 |       312 |  0.00 |
|   BUFG_PS            |    1 |     0 |        72 |  1.39 |
|   BUFGCTRL*          |    0 |     0 |        64 |  0.00 |
| PLL                  |    0 |     0 |        16 |  0.00 |
| MMCM                 |    1 |     0 |         8 | 12.50 |
+----------------------+------+-------+-----------+-------+
* Note: Each used BUFGCTRL counts as two global buffer resources. This table does not include global clocking resources, only buffer cell usage. See the Clock Utilization Report (report_clock_utilization) for detailed accounting of global clocking resource availability.


7. ADVANCED
-----------

+-----------------+------+-------+-----------+--------+
|    Site Type    | Used | Fixed | Available |  Util% |
+-----------------+------+-------+-----------+--------+
| CMACE4          |    0 |     0 |         2 |   0.00 |
| FE              |    0 |     0 |         8 |   0.00 |
| GTYE4_CHANNEL   |    0 |     0 |        16 |   0.00 |
| GTYE4_COMMON    |    0 |     0 |         4 |   0.00 |
| HSADC           |    4 |     4 |         4 | 100.00 |
| HSDAC           |    2 |     2 |         4 |  50.00 |
| ILKNE4          |    0 |     0 |         1 |   0.00 |
| OBUFDS_GTE4     |    0 |     0 |         8 |   0.00 |
| OBUFDS_GTE4_ADV |    0 |     0 |         8 |   0.00 |
| PCIE40E4        |    0 |     0 |         2 |   0.00 |
| PS8             |    1 |     0 |         1 | 100.00 |
| SYSMONE4        |    0 |     0 |         1 |   0.00 |
+-----------------+------+-------+-----------+--------+


8. CONFIGURATION
----------------

+-------------+------+-------+-----------+-------+
|  Site Type  | Used | Fixed | Available | Util% |
+-------------+------+-------+-----------+-------+
| BSCANE2     |    0 |     0 |         4 |  0.00 |
| DNA_PORTE2  |    0 |     0 |         1 |  0.00 |
| EFUSE_USR   |    0 |     0 |         1 |  0.00 |
| FRAME_ECCE4 |    0 |     0 |         1 |  0.00 |
| ICAPE3      |    0 |     0 |         2 |  0.00 |
| MASTER_JTAG |    0 |     0 |         1 |  0.00 |
| STARTUPE3   |    0 |     0 |         1 |  0.00 |
+-------------+------+-------+-----------+-------+


9. Primitives
-------------

+------------+-------+---------------------+
|  Ref Name  |  Used | Functional Category |
+------------+-------+---------------------+
| FDRE       | 11942 |            Register |
| LUT6       |  5836 |                 CLB |
| FDCE       |  3428 |            Register |
| LUT5       |  3228 |                 CLB |
| LUT2       |  2496 |                 CLB |
| LUT3       |  2129 |                 CLB |
| LUT4       |  1472 |                 CLB |
| SRL16E     |  1043 |                 CLB |
| FDSE       |   283 |            Register |
| RAMD32     |   196 |                 CLB |
| LUT1       |   180 |                 CLB |
| FDPE       |   149 |            Register |
| MUXF7      |   115 |                 CLB |
| SRLC32E    |    57 |                 CLB |
| CARRY8     |    48 |                 CLB |
| RAMB36E2   |    32 |           Block Ram |
| DSP48E2    |    32 |          Arithmetic |
| RAMS32     |    28 |                 CLB |
| MUXF8      |    14 |                 CLB |
| HSADC      |     4 |            Advanced |
| OBUF       |     2 |                 I/O |
| IBUFCTRL   |     2 |              Others |
| HSDAC      |     2 |            Advanced |
| DIFFINBUF  |     2 |                 I/O |
| BUFGCE     |     2 |               Clock |
| PS8        |     1 |            Advanced |
| MMCME4_ADV |     1 |               Clock |
| BUFG_PS    |     1 |               Clock |
+------------+-------+---------------------+


10. Black Boxes
---------------

+----------+------+
| Ref Name | Used |
+----------+------+


11. Instantiated Netlists
-------------------------

+--------------------------------------------------------------+------+
|                           Ref Name                           | Used |
+--------------------------------------------------------------+------+
| rfdc_multi_eight_adcs_2048gsps_mts_c_counter_binary_v12_0_i1 |   32 |
| zcu111_zynq_ultra_ps_e_0_0                                   |    1 |
| zcu111_xbar_0                                                |    1 |
| zcu111_proc_sys_reset_0_0                                    |    1 |
| zcu111_axi_protocol_convert_2_0                              |    1 |
| zcu111_axi_protocol_convert_1_0                              |    1 |
| zcu111_auto_ds_1                                             |    1 |
| zcu111_auto_ds_0                                             |    1 |
| rfdc_multi_eight_adcs_2048gsps_mts_c_counter_binary_v12_0_i0 |    1 |
| ADC8_R2R_MTS_2048                                            |    1 |
+--------------------------------------------------------------+------+


