#-----------------------------------------------------------
# Vivado v2018.3.1_AR71948 (64-bit)
# SW Build 2489853 on Tue Mar 26 04:18:30 MDT 2019
# IP Build 2486929 on Tue Mar 26 06:44:21 MDT 2019
# Start of session at: Thu Oct 15 00:19:09 2020
# Process ID: 28145
# Current directory: /home/wei/casper/casper_mlib/tutorials_devel/zcu111/raw_axi_test/tengbe_test/tengbe_test/myproj/myproj.runs/rx_packet_fifo_bram_synth_1
# Command line: vivado -log rx_packet_fifo_bram.vds -product Vivado -mode batch -messageDb vivado.pb -notrace -source rx_packet_fifo_bram.tcl
# Log file: /home/wei/casper/casper_mlib/tutorials_devel/zcu111/raw_axi_test/tengbe_test/tengbe_test/myproj/myproj.runs/rx_packet_fifo_bram_synth_1/rx_packet_fifo_bram.vds
# Journal file: /home/wei/casper/casper_mlib/tutorials_devel/zcu111/raw_axi_test/tengbe_test/tengbe_test/myproj/myproj.runs/rx_packet_fifo_bram_synth_1/vivado.jou
#-----------------------------------------------------------
source rx_packet_fifo_bram.tcl -notrace
