#-----------------------------------------------------------
# Vivado v2018.3.1_AR71948 (64-bit)
# SW Build 2489853 on Tue Mar 26 04:18:30 MDT 2019
# IP Build 2486929 on Tue Mar 26 06:44:21 MDT 2019
# Start of session at: Fri Aug 21 23:10:39 2020
# Process ID: 1226
# Current directory: /home/wei/casper/casper_mlib/tutorials_devel/zcu111/rfdc_multi_adc_cores/mode4/2048GSps_MTS/rfdc_multi_eight_adcs_2048gsps_mts/myproj/myproj.runs/rfdc_multi_eight_adcs_2048gsps_mts_c_counter_binary_v12_0_i1_synth_1
# Command line: vivado -log rfdc_multi_eight_adcs_2048gsps_mts_c_counter_binary_v12_0_i1.vds -product Vivado -mode batch -messageDb vivado.pb -notrace -source rfdc_multi_eight_adcs_2048gsps_mts_c_counter_binary_v12_0_i1.tcl
# Log file: /home/wei/casper/casper_mlib/tutorials_devel/zcu111/rfdc_multi_adc_cores/mode4/2048GSps_MTS/rfdc_multi_eight_adcs_2048gsps_mts/myproj/myproj.runs/rfdc_multi_eight_adcs_2048gsps_mts_c_counter_binary_v12_0_i1_synth_1/rfdc_multi_eight_adcs_2048gsps_mts_c_counter_binary_v12_0_i1.vds
# Journal file: /home/wei/casper/casper_mlib/tutorials_devel/zcu111/rfdc_multi_adc_cores/mode4/2048GSps_MTS/rfdc_multi_eight_adcs_2048gsps_mts/myproj/myproj.runs/rfdc_multi_eight_adcs_2048gsps_mts_c_counter_binary_v12_0_i1_synth_1/vivado.jou
#-----------------------------------------------------------
source rfdc_multi_eight_adcs_2048gsps_mts_c_counter_binary_v12_0_i1.tcl -notrace
