#-----------------------------------------------------------
# Vivado v2018.3.1_AR71948 (64-bit)
# SW Build 2489853 on Tue Mar 26 04:18:30 MDT 2019
# IP Build 2486929 on Tue Mar 26 06:44:21 MDT 2019
# Start of session at: Fri Sep 25 12:18:46 2020
# Process ID: 11225
# Current directory: /home/wei/casper/casper_mlib/tutorials_devel/zcu111
# Command line: vivado -jou /home/wei/casper/casper_mlib/tutorials_devel/zcu111/rfdc_multi_adc_cores/mode4/2048GSps_MTS/rfdc_multi_eight_adcs_2048gsps_mts/vivado.jou -log /home/wei/casper/casper_mlib/tutorials_devel/zcu111/rfdc_multi_adc_cores/mode4/2048GSps_MTS/rfdc_multi_eight_adcs_2048gsps_mts/vivado.log -mode batch -source /home/wei/casper/casper_mlib/tutorials_devel/zcu111/rfdc_multi_adc_cores/mode4/2048GSps_MTS/rfdc_multi_eight_adcs_2048gsps_mts/gogogo.tcl
# Log file: /home/wei/casper/casper_mlib/tutorials_devel/zcu111/rfdc_multi_adc_cores/mode4/2048GSps_MTS/rfdc_multi_eight_adcs_2048gsps_mts/vivado.log
# Journal file: /home/wei/casper/casper_mlib/tutorials_devel/zcu111/rfdc_multi_adc_cores/mode4/2048GSps_MTS/rfdc_multi_eight_adcs_2048gsps_mts/vivado.jou
#-----------------------------------------------------------
source /home/wei/casper/casper_mlib/tutorials_devel/zcu111/rfdc_multi_adc_cores/mode4/2048GSps_MTS/rfdc_multi_eight_adcs_2048gsps_mts/gogogo.tcl
